// Jest Snapshot v1, https://goo.gl/fbAQLP

exports[`show detailed external option with \`--help foo-string\` (stderr) 1`] = `""`;

exports[`show detailed external option with \`--help foo-string\` (stdout) 1`] = `
"--foo-string <string>

  foo description

Default: bar"
`;

exports[`show detailed external option with \`--help foo-string\` (write) 1`] = `[]`;

exports[`show external options with \`--help\` 1`] = `
"    --parser <flow,babel,babel-flow,babel-ts,typescript,acorn,espree,meriyah,css,less,scss,json,json5,json-stringify,graphql,markdown,mdx,vue,yaml,glimmer,html,angular,lwc,foo-parser>
    --foo-string <value>      foo description
                              Defaults to "bar""
`;
